
> kids-clock-master@1.0.0 test
> vitest run


[1m[30m[46m RUN [49m[39m[22m [36mv4.1.5 [39m[90m/Users/shingotada/Documents/vscode/watch-game[39m

 [32m✓[39m tests/game/scenes/TitleScene.test.ts [2m([22m[2m16 tests[22m[2m)[22m[33m 339[2mms[22m[39m
 [32m✓[39m tests/game/scenes/ClockDisposal.test.ts [2m([22m[2m1 test[22m[2m)[22m[33m 366[2mms[22m[39m
     [33m[2m✓[22m[39m TitleScene should dispose Clock3D on exit and remove clock elements from scene [33m 365[2mms[22m[39m
 [32m✓[39m tests/game/scenes/TrophyScene.test.ts [2m([22m[2m10 tests[22m[2m)[22m[33m 369[2mms[22m[39m
 [32m✓[39m tests/game/scenes/SetTimePlayScene.test.ts [2m([22m[2m8 tests[22m[2m)[22m[33m 359[2mms[22m[39m
 [32m✓[39m tests/game/scenes/DailyPlayScene.test.ts [2m([22m[2m8 tests[22m[2m)[22m[33m 408[2mms[22m[39m
 [32m✓[39m tests/game/scenes/ResultScene.test.ts [2m([22m[2m40 tests[22m[2m)[22m[33m 551[2mms[22m[39m
 [32m✓[39m tests/game/scenes/QuizPlayScene.test.ts [2m([22m[2m10 tests[22m[2m)[22m[33m 536[2mms[22m[39m
 [32m✓[39m tests/game/ui/HintButton.test.ts [2m([22m[2m4 tests[22m[2m)[22m[32m 116[2mms[22m[39m
 [32m✓[39m tests/game/scenes/ModeSelectScene.test.ts [2m([22m[2m8 tests[22m[2m)[22m[32m 224[2mms[22m[39m
 [32m✓[39m tests/ui/ChoiceButtons.test.ts [2m([22m[2m14 tests[22m[2m)[22m[32m 253[2mms[22m[39m
 [32m✓[39m tests/game/scenes/LevelSelectScene.test.ts [2m([22m[2m13 tests[22m[2m)[22m[32m 292[2mms[22m[39m
 [32m✓[39m tests/game/ui/ChoiceButtons.test.ts [2m([22m[2m1 test[22m[2m)[22m[32m 177[2mms[22m[39m
 [32m✓[39m tests/ui/ConfirmButton.test.ts [2m([22m[2m10 tests[22m[2m)[22m[32m 236[2mms[22m[39m
 [32m✓[39m tests/game/systems/ClockController.test.ts [2m([22m[2m30 tests[22m[2m)[22m[33m 342[2mms[22m[39m
 [32m✓[39m tests/ui/DailyProgress.test.ts [2m([22m[2m6 tests[22m[2m)[22m[32m 83[2mms[22m[39m
 [32m✓[39m tests/ui/CurrentTimeDisplay.test.ts [2m([22m[2m9 tests[22m[2m)[22m[32m 84[2mms[22m[39m
 [32m✓[39m tests/ui/Notification.test.ts [2m([22m[2m10 tests[22m[2m)[22m[32m 147[2mms[22m[39m
 [32m✓[39m tests/ui/HUD.test.ts [2m([22m[2m8 tests[22m[2m)[22m[32m 143[2mms[22m[39m
 [32m✓[39m tests/ui/HomeButton.test.ts [2m([22m[2m5 tests[22m[2m)[22m[32m 138[2mms[22m[39m
 [32m✓[39m tests/ui/TimeDisplay.test.ts [2m([22m[2m5 tests[22m[2m)[22m[32m 154[2mms[22m[39m
 [32m✓[39m tests/game/entities/Clock3D.test.ts [2m([22m[2m32 tests[22m[2m)[22m[32m 59[2mms[22m[39m
 [32m✓[39m tests/game/config/Config.test.ts [2m([22m[2m6 tests[22m[2m)[22m[32m 3[2mms[22m[39m
[90mstderr[2m | tests/ui/CanvasUtils.test.ts[2m > [22m[2mconfigureCanvasForTouch[2m > [22m[2mis resilient when called on elements with missing style (best-effort)
[22m[39mconfigureCanvasForTouch failed TypeError: Cannot set properties of undefined (setting 'touchAction')
    at configureCanvasForTouch [90m(/Users/shingotada/Documents/vscode/watch-game/[39msrc/ui/CanvasUtils.ts:12:18[90m)[39m
    at [90m/Users/shingotada/Documents/vscode/watch-game/[39mtests/ui/CanvasUtils.test.ts:40:18
    at Proxy.assertThrows [90m(file:///Users/shingotada/Documents/vscode/watch-game/[39mnode_modules/[4mchai[24m/index.js:2798:5[90m)[39m
    at Proxy.methodWrapper [90m(file:///Users/shingotada/Documents/vscode/watch-game/[39mnode_modules/[4mchai[24m/index.js:1700:25[90m)[39m
    at Proxy.<anonymous> [90m(file:///Users/shingotada/Documents/vscode/watch-game/[39mnode_modules/[4m@vitest/expect[24m/dist/index.js:1216:12[90m)[39m
    at Proxy.overwritingMethodWrapper [90m(file:///Users/shingotada/Documents/vscode/watch-game/[39mnode_modules/[4mchai[24m/index.js:1750:33[90m)[39m
    at Proxy.<anonymous> [90m(file:///Users/shingotada/Documents/vscode/watch-game/[39mnode_modules/[4m@vitest/expect[24m/dist/index.js:1552:16[90m)[39m
    at Proxy.<anonymous> [90m(file:///Users/shingotada/Documents/vscode/watch-game/[39mnode_modules/[4m@vitest/expect[24m/dist/index.js:1156:15[90m)[39m
    at Proxy.methodWrapper [90m(file:///Users/shingotada/Documents/vscode/watch-game/[39mnode_modules/[4mchai[24m/index.js:1700:25[90m)[39m
    at [90m/Users/shingotada/Documents/vscode/watch-game/[39mtests/ui/CanvasUtils.test.ts:40:52

 [32m✓[39m tests/ui/CanvasUtils.test.ts [2m([22m[2m4 tests[22m[2m)[22m[32m 17[2mms[22m[39m
 [32m✓[39m tests/game/audio/SFXGenerator.test.ts [2m([22m[2m24 tests[22m[2m)[22m[32m 15[2mms[22m[39m
 [32m✓[39m tests/ui/TransitionOverlay.test.ts [2m([22m[2m16 tests[22m[2m)[22m[32m 113[2mms[22m[39m
 [32m✓[39m tests/game/effects/EffectDispose.test.ts [2m([22m[2m12 tests[22m[2m)[22m[32m 6[2mms[22m[39m
 [32m✓[39m tests/game/entities/Clock3DSharedResources.test.ts [2m([22m[2m2 tests[22m[2m)[22m[32m 19[2mms[22m[39m
 [32m✓[39m tests/game/scenes/SceneLifecycle.test.ts [2m([22m[2m3 tests[22m[2m)[22m[32m 14[2mms[22m[39m
 [32m✓[39m tests/game/systems/QuizGenerator.test.ts [2m([22m[2m20 tests[22m[2m)[22m[32m 11[2mms[22m[39m
 [32m✓[39m tests/game/scenes/QuizScene.HintEffect.test.ts [2m([22m[2m1 test[22m[2m)[22m[32m 4[2mms[22m[39m
 [32m✓[39m tests/game/GameLoop.test.ts [2m([22m[2m4 tests[22m[2m)[22m[32m 10[2mms[22m[39m
 [32m✓[39m tests/game/SceneManager.test.ts [2m([22m[2m6 tests[22m[2m)[22m[32m 17[2mms[22m[39m
[90mstderr[2m | tests/game/scenes/SceneDisposal.test.ts[2m > [22m[2mSceneManager disposal fallback[2m > [22m[2mcalls disposer when exit() throws
[22m[39mScene dispose threw Error: exit boom
    at PrevScene.exit [90m(/Users/shingotada/Documents/vscode/watch-game/[39mtests/game/scenes/SceneDisposal.test.ts:39:28[90m)[39m
    at SceneManager.transitionTo [90m(/Users/shingotada/Documents/vscode/watch-game/[39msrc/game/SceneManager.ts:36:16[90m)[39m
    at [90m/Users/shingotada/Documents/vscode/watch-game/[39mtests/game/scenes/SceneDisposal.test.ts:68:26
    at Proxy.assertThrows [90m(file:///Users/shingotada/Documents/vscode/watch-game/[39mnode_modules/[4mchai[24m/index.js:2798:5[90m)[39m
    at Proxy.methodWrapper [90m(file:///Users/shingotada/Documents/vscode/watch-game/[39mnode_modules/[4mchai[24m/index.js:1700:25[90m)[39m
    at Proxy.<anonymous> [90m(file:///Users/shingotada/Documents/vscode/watch-game/[39mnode_modules/[4m@vitest/expect[24m/dist/index.js:1216:12[90m)[39m
    at Proxy.overwritingMethodWrapper [90m(file:///Users/shingotada/Documents/vscode/watch-game/[39mnode_modules/[4mchai[24m/index.js:1750:33[90m)[39m
    at Proxy.<anonymous> [90m(file:///Users/shingotada/Documents/vscode/watch-game/[39mnode_modules/[4m@vitest/expect[24m/dist/index.js:1552:16[90m)[39m
    at Proxy.<anonymous> [90m(file:///Users/shingotada/Documents/vscode/watch-game/[39mnode_modules/[4m@vitest/expect[24m/dist/index.js:1156:15[90m)[39m
    at Proxy.methodWrapper [90m(file:///Users/shingotada/Documents/vscode/watch-game/[39mnode_modules/[4mchai[24m/index.js:1700:25[90m)[39m

 [32m✓[39m tests/game/scenes/SceneDisposal.test.ts [2m([22m[2m2 tests[22m[2m)[22m[32m 6[2mms[22m[39m
 [32m✓[39m tests/game/utils/ThreeDisposer.test.ts [2m([22m[2m1 test[22m[2m)[22m[32m 4[2mms[22m[39m
 [32m✓[39m tests/game/storage/SaveManager.test.ts [2m([22m[2m17 tests[22m[2m)[22m[32m 13[2mms[22m[39m
 [32m✓[39m tests/game/systems/PerformanceManager.test.ts [2m([22m[2m6 tests[22m[2m)[22m[32m 4[2mms[22m[39m
 [32m✓[39m tests/game/Smoke.test.ts [2m([22m[2m1 test[22m[2m)[22m[32m 3[2mms[22m[39m
 [32m✓[39m tests/game/audio/AudioManager.test.ts [2m([22m[2m2 tests[22m[2m)[22m[32m 5[2mms[22m[39m
 [32m✓[39m tests/game/audio/BGMGenerator.test.ts [2m([22m[2m5 tests[22m[2m)[22m[32m 4[2mms[22m[39m
 [32m✓[39m tests/game/systems/TimeValidator.test.ts [2m([22m[2m5 tests[22m[2m)[22m[32m 2[2mms[22m[39m
 [32m✓[39m tests/game/systems/QuizGenerator.Hint.test.ts [2m([22m[2m3 tests[22m[2m)[22m[32m 2[2mms[22m[39m

[2m Test Files [22m [1m[32m41 passed[39m[22m[90m (41)[39m
[2m      Tests [22m [1m[32m388 passed[39m[22m[90m (388)[39m
[2m   Start at [22m 20:53:26
[2m   Duration [22m 7.00s[2m (transform 1.98s, setup 0ms, import 4.80s, tests 5.65s, environment 30.64s)[22m

